
  ____  _               _                 _____         _   
 / ___|| |__   __ _  __| | _____      __ |_   _|__  ___| |_ 
 \___ \| '_ \ / _` |/ _` |/ _ \ \ /\ / /   | |/ _ \/ __| __|
  ___) | | | | (_| | (_| | (_) \ V  V /    | |  __/\__ \ |_ 
 |____/|_| |_|\__,_|\__,_|\___/ \_/\_/     |_|\___||___/\__|
    
python : Traceback (most recent call last):
No linha:1 caractere:1
+ python test_shadow.py C:\Users\Ti\Downloads\efect.html > test_log.txt ...
+ ~~~~~~~~~~~~~~~~~~~~~~~~~~~~~~~~~~~~~~~~~~~~~~~~~~~~~~~~~~~~~~~~~~~~~
    + CategoryInfo          : NotSpecified: (Traceback (most recent call last)::String) [], RemoteException
    + FullyQualifiedErrorId : NativeCommandError
 
  File "C:\Users\Ti\Desktop\process-cloner\test_shadow.py", line 64, in <module>
    run_test(target)
    ~~~~~~~~^^^^^^^^
  File "C:\Users\Ti\Desktop\process-cloner\test_shadow.py", line 19, in run_test
    print(f"\U0001f680 Iniciando Teste Shadow Build para: {file_path}")
    ~~~~~^^^^^^^^^^^^^^^^^^^^^^^^^^^^^^^^^^^^^^^^^^^^^^^^^^^^^^
  File "C:\Users\Ti\AppData\Local\Python\pythoncore-3.14-64\Lib\encodings\cp1252.py", line 19, in encode
    return codecs.charmap_encode(input,self.errors,encoding_table)[0]
           ~~~~~~~~~~~~~~~~~~~~~^^^^^^^^^^^^^^^^^^^^^^^^^^^^^^^^^^
UnicodeEncodeError: 'charmap' codec can't encode character '\U0001f680' in position 0: character maps to <undefined>
